[0m[1mbun test [0m[2mv1.2.4 (fd9a5ea6)[0m
Using echo server at: C:\Users\Realme Book\project\mcp-client-plugin\test\helpers\echo-server.ts
Connecting to echo server...
Connected successfully, getting client...
Sending ping...
Ping successful!
Disconnecting...
Disconnected successfully
